[INFO] Scanning for projects...
[INFO] 
[INFO] ---------------------< com.scentcepts:scentcepts >----------------------
[INFO] Building scentcepts 0.0.1-SNAPSHOT
[INFO]   from pom.xml
[INFO] --------------------------------[ jar ]---------------------------------
[INFO] 
[INFO] --- resources:3.3.1:resources (default-resources) @ scentcepts ---
[INFO] Copying 1 resource from src\main\resources to target\classes
[INFO] Copying 7 resources from src\main\resources to target\classes
[INFO] 
[INFO] --- compiler:3.13.0:compile (default-compile) @ scentcepts ---
[INFO] Recompiling the module because of changed source code.
[INFO] Compiling 57 source files with javac [debug parameters release 21] to target\classes
./mvnw : WARNING: A 
terminally deprecated 
method in sun.misc.Unsafe 
has been called
At line:1 char:13
+ cd backend; ./mvnw 
compile > compile.log 
2>&1; Select-String "BUILD 
F ...
+             ~~~~~~~~~~~~~
~~~~~~~~~~~~~~~~~~~~
    + CategoryInfo         
     : NotSpecified: (WAR  
  NING: A term...has bee   
 n called:String) [], R    
emoteException
    + FullyQualifiedErrorI 
   d : NativeCommandError
 
WARNING: sun.misc.Unsafe::o
bjectFieldOffset has been 
called by 
lombok.permit.Permit
WARNING: Please consider 
reporting this to the 
maintainers of class 
lombok.permit.Permit
WARNING: sun.misc.Unsafe::o
bjectFieldOffset will be 
removed in a future release
[INFO] ------------------------------------------------------------------------
[INFO] BUILD FAILURE
[INFO] ------------------------------------------------------------------------
[INFO] Total time:  6.473 s
[INFO] Finished at: 2026-04-07T16:14:24+03:00
[INFO] ------------------------------------------------------------------------
[ERROR] Failed to execute goal org.apache.maven.plugins:maven-compiler-plugin:3.13.0:compile (default-compile) on project scentcepts: Fatal error compiling: java.lang.ExceptionInInitializerError: com.sun.tools.javac.code.TypeTag :: UNKNOWN -> [Help 1]
[ERROR] 
[ERROR] To see the full stack trace of the errors, re-run Maven with the -e switch.
[ERROR] Re-run Maven using the -X switch to enable full debug logging.
[ERROR] 
[ERROR] For more information about the errors and possible solutions, please read the following articles:
[ERROR] [Help 1] http://cwiki.apache.org/confluence/display/MAVEN/MojoExecutionException
